[2026-09-04 02:35:09] local.WARNING: Elasticsearch ensureIndex failed {"message":"URI must include a scheme and host. Use an absolute URI, a network-path reference starting with //, or configure a base_uri."} 
[2026-09-04 02:53:44] local.WARNING: Elasticsearch ensureIndex failed {"message":"URI must include a scheme and host. Use an absolute URI, a network-path reference starting with //, or configure a base_uri."} 
[2026-09-04 03:03:27] local.WARNING: Elasticsearch ensureIndex failed {"message":"URI must include a scheme and host. Use an absolute URI, a network-path reference starting with //, or configure a base_uri."} 
[2026-09-04 03:06:36] local.ERROR: Failed to index customer in Elasticsearch {"customer_id":"a2a98e3e-e948-4233-b381-6cda5663261b","error":"URI must include a scheme and host. Use an absolute URI, a network-path reference starting with //, or configure a base_uri."} 
[2026-09-04 03:08:35] local.ERROR: Elasticsearch search failed {"error":"URI must include a scheme and host. Use an absolute URI, a network-path reference starting with //, or configure a base_uri."} 
[2026-09-04 03:08:38] local.ERROR: Elasticsearch search failed {"error":"URI must include a scheme and host. Use an absolute URI, a network-path reference starting with //, or configure a base_uri."} 
[2026-09-04 03:09:00] local.ERROR: Failed to index customer in Elasticsearch {"customer_id":"a2a98e3e-e948-4233-b381-6cda5663261b","error":"URI must include a scheme and host. Use an absolute URI, a network-path reference starting with //, or configure a base_uri."} 
[2026-09-04 03:09:09] local.ERROR: Failed to delete customer from Elasticsearch {"customer_id":"a2a98e3e-e948-4233-b381-6cda5663261b","error":"URI must include a scheme and host. Use an absolute URI, a network-path reference starting with //, or configure a base_uri."} 
[2026-09-04 03:09:24] local.ERROR: Failed to index customer in Elasticsearch {"customer_id":"a2a98f3e-f6b5-4984-9958-f15295cc3f9e","error":"URI must include a scheme and host. Use an absolute URI, a network-path reference starting with //, or configure a base_uri."} 
[2026-09-04 03:09:40] local.ERROR: Elasticsearch search failed {"error":"URI must include a scheme and host. Use an absolute URI, a network-path reference starting with //, or configure a base_uri."} 
[2026-09-04 03:09:41] local.ERROR: Elasticsearch search failed {"error":"URI must include a scheme and host. Use an absolute URI, a network-path reference starting with //, or configure a base_uri."} 
[2026-09-04 03:09:44] local.ERROR: Elasticsearch search failed {"error":"URI must include a scheme and host. Use an absolute URI, a network-path reference starting with //, or configure a base_uri."} 
[2026-09-04 03:09:47] local.ERROR: Elasticsearch search failed {"error":"URI must include a scheme and host. Use an absolute URI, a network-path reference starting with //, or configure a base_uri."} 
[2026-09-04 03:09:48] local.ERROR: Elasticsearch search failed {"error":"URI must include a scheme and host. Use an absolute URI, a network-path reference starting with //, or configure a base_uri."} 
[2026-09-04 03:09:59] local.ERROR: Elasticsearch search failed {"error":"URI must include a scheme and host. Use an absolute URI, a network-path reference starting with //, or configure a base_uri."} 
[2026-09-04 03:24:10] local.ERROR: Failed to delete customer from Elasticsearch {"customer_id":"a2a98f3e-f6b5-4984-9958-f15295cc3f9e","error":"Client error: `DELETE http://searcher:9200/customers/_doc/a2a98f3e-f6b5-4984-9958-f15295cc3f9e` resulted in a `404 Not Found` response:
{\"_index\":\"customers\",\"_id\":\"a2a98f3e-f6b5-4984-9958-f15295cc3f9e\",\"_version\":1,\"result\":\"not_found\",\"_shards\":{\"total\": (truncated...)
"} 
[2026-09-04 07:49:41] testing.ERROR: Failed to index customer in Elasticsearch {"customer_id":"a2a9f37c-1574-4a3a-877a-168bf612cbb6","error":"cURL error 6: Could not resolve host: searcher (see https://curl.se/libcurl/c/libcurl-errors.html) for http://searcher:9200/customers/_doc/a2a9f37c-1574-4a3a-877a-168bf612cbb6"} 
[2026-09-04 07:54:44] testing.ERROR: Failed to index customer in Elasticsearch {"customer_id":"a2a9f54a-9874-4ca4-808d-85a31b99f427","error":"cURL error 6: Could not resolve host: searcher (see https://curl.se/libcurl/c/libcurl-errors.html) for http://searcher:9200/customers/_doc/a2a9f54a-9874-4ca4-808d-85a31b99f427"} 
[2026-09-04 07:54:44] testing.ERROR: Failed to index customer in Elasticsearch {"customer_id":"a2a9f54a-af15-4e3d-8da8-feb2c69d0c96","error":"cURL error 6: Could not resolve host: searcher (see https://curl.se/libcurl/c/libcurl-errors.html) for http://searcher:9200/customers/_doc/a2a9f54a-af15-4e3d-8da8-feb2c69d0c96"} 
[2026-09-04 07:54:44] testing.ERROR: Failed to index customer in Elasticsearch {"customer_id":"a2a9f54a-b35a-4366-adc6-facf40135b73","error":"cURL error 6: Could not resolve host: searcher (see https://curl.se/libcurl/c/libcurl-errors.html) for http://searcher:9200/customers/_doc/a2a9f54a-b35a-4366-adc6-facf40135b73"} 
